******************************************************************************
                  MSP430 Linker PC v21.6.1                     
******************************************************************************
>> Linked Tue Jun 24 13:23:02 2025

OUTPUT FILE NAME:   <Lab_4.out>
ENTRY POINT SYMBOL: "_c_int00_noargs"  address: 0000c83a


MEMORY CONFIGURATION

         name            origin    length      used     unused   attr    fill
----------------------  --------  ---------  --------  --------  ----  --------
  SFR                   00000000   00000010  00000000  00000010  RWIX
  PERIPHERALS_8BIT      00000010   000000f0  00000000  000000f0  RWIX
  PERIPHERALS_16BIT     00000100   00000100  00000000  00000100  RWIX
  RAM                   00000200   00000200  0000006a  00000196  RWIX
  INFOD                 00001000   00000040  00000000  00000040  RWIX
  INFOC                 00001040   00000040  00000000  00000040  RWIX
  INFOB                 00001080   00000040  00000000  00000040  RWIX
  INFOA                 000010c0   00000040  00000000  00000040  RWIX
  FLASH                 0000c000   00003fde  00000b10  000034ce  RWIX
  BSLSIGNATURE          0000ffde   00000002  00000002  00000000  RWIX  ffff 
  INT00                 0000ffe0   00000002  00000002  00000000  RWIX
  INT01                 0000ffe2   00000002  00000000  00000002  RWIX
  INT02                 0000ffe4   00000002  00000002  00000000  RWIX
  INT03                 0000ffe6   00000002  00000002  00000000  RWIX
  INT04                 0000ffe8   00000002  00000000  00000002  RWIX
  INT05                 0000ffea   00000002  00000002  00000000  RWIX
  INT06                 0000ffec   00000002  00000002  00000000  RWIX
  INT07                 0000ffee   00000002  00000002  00000000  RWIX
  INT08                 0000fff0   00000002  00000002  00000000  RWIX
  INT09                 0000fff2   00000002  00000002  00000000  RWIX
  INT10                 0000fff4   00000002  00000002  00000000  RWIX
  INT11                 0000fff6   00000002  00000002  00000000  RWIX
  INT12                 0000fff8   00000002  00000002  00000000  RWIX
  INT13                 0000fffa   00000002  00000002  00000000  RWIX
  INT14                 0000fffc   00000002  00000002  00000000  RWIX
  RESET                 0000fffe   00000002  00000002  00000000  RWIX


SECTION ALLOCATION MAP

 output                                  attributes/
section   page    origin      length       input sections
--------  ----  ----------  ----------   ----------------
.bss       0    00000200    00000018     UNINITIALIZED
                  00000200    00000006     (.common:x_string)
                  00000206    00000002     (.common:Nadc)
                  00000208    00000002     (.common:PB1_pressed)
                  0000020a    00000002     (.common:X)
                  0000020c    00000002     (.common:buzz_idx)
                  0000020e    00000002     (.common:count)
                  00000210    00000002     (.common:delay_ifg)
                  00000212    00000002     (.common:j)
                  00000214    00000002     (.common:lpm_mode)
                  00000216    00000002     (.common:state)

.data      0    00000218    00000002     UNINITIALIZED
                  00000218    00000002     halGPIO.obj (.data)

.stack     0    000003b0    00000050     UNINITIALIZED
                  000003b0    00000002     rts430_eabi.lib : boot.c.obj (.stack)
                  000003b2    0000004e     --HOLE--

.text      0    0000c000    000009ae     
                  0000c000    000000e0     halGPIO.obj (.text:USCI0RX_ISR)
                  0000c0e0    000000c2     halGPIO.obj (.text:lcd_init)
                  0000c1a2    0000008a     halGPIO.obj (.text:print_num)
                  0000c22c    00000080     main.obj (.text:main)
                  0000c2ac    0000007c     rts430_eabi.lib : copy_decompress_lzss.c.obj (.text:decompress:lzss:__TI_decompress_lzss)
                  0000c328    00000074     api.obj (.text:disp_pot_val)
                  0000c39c    0000005a     halGPIO.obj (.text:timerA0_handler)
                  0000c3f6    00000052     halGPIO.obj (.text:PBs_handler)
                  0000c448    00000052     rts430_eabi.lib : atoi.c.obj (.text:atoi)
                  0000c49a    00000050     halGPIO.obj (.text:lcd_data)
                  0000c4ea    0000004e     api.obj (.text:x_to_int)
                  0000c538    0000004c     rts430_eabi.lib : lsr16.asm.obj (.text)
                  0000c584    0000004a     bsp.obj (.text:__GPIO_config)
                  0000c5ce    00000042     halGPIO.obj (.text:USCI0TX_ISR)
                  0000c610    00000042     rts430_eabi.lib : autoinit.c.obj (.text:__TI_auto_init_nobinit_nopinit:__TI_auto_init_nobinit_nopinit)
                  0000c652    00000040     api.obj (.text:my_negev)
                  0000c692    00000038     halGPIO.obj (.text:lcd_cmd)
                  0000c6ca    00000034     halGPIO.obj (.text:enterLPM)
                  0000c6fe    0000002e     bsp.obj (.text:__UART_config)
                  0000c72c    0000002c     api.obj (.text:count_on_LCD)
                  0000c758    0000002c     rts430_eabi.lib : div16s.asm.obj (.text)
                  0000c784    0000002c                     : lsl16.asm.obj (.text)
                  0000c7b0    00000026     halGPIO.obj (.text:set_timer_value)
                  0000c7d6    00000022     halGPIO.obj (.text:timer_disable)
                  0000c7f8    00000022     halGPIO.obj (.text:timer_enable)
                  0000c81a    00000020     api.obj (.text:start_buzzing)
                  0000c83a    0000001c     rts430_eabi.lib : boot.c.obj (.text:_c_int00_noargs)
                  0000c856    0000001a     halGPIO.obj (.text:system_config)
                  0000c870    00000016     bsp.obj (.text:__adc_config)
                  0000c886    00000016     rts430_eabi.lib : div16u.asm.obj (.text)
                  0000c89c    00000014     halGPIO.obj (.text:DelayMs)
                  0000c8b0    00000014     bsp.obj (.text:__timerA0_config)
                  0000c8c4    00000014     rts430_eabi.lib : copy_zero_init.c.obj (.text:decompress:ZI:__TI_zero_init_nomemset:__TI_zero_init_nomemset)
                  0000c8d8    00000014                     : mult16.asm.obj (.text)
                  0000c8ec    00000012                     : copy_decompress_none.c.obj (.text:decompress:none:__TI_decompress_none)
                  0000c8fe    00000012     halGPIO.obj (.text:lcd_puts)
                  0000c910    00000012     rts430_eabi.lib : memcpy.c.obj (.text:memcpy)
                  0000c922    00000010                     : epilog.asm.obj (.text)
                  0000c932    00000010     api.obj (.text:zero_all)
                  0000c942    0000000e     bsp.obj (.text:__timerA1_config)
                  0000c950    0000000e     halGPIO.obj (.text:adc_start_conversion)
                  0000c95e    0000000e     halGPIO.obj (.text:lcd_strobe)
                  0000c96c    0000000c     halGPIO.obj (.text:DelayUs)
                  0000c978    00000008     halGPIO.obj (.text:ADC_handler)
                  0000c980    00000008     rts430_eabi.lib : isr_trap.asm.obj (.text:_isr:__TI_ISR_TRAP)
                  0000c988    00000008     halGPIO.obj (.text:adc_stop_conversion)
                  0000c990    00000006     rts430_eabi.lib : exit.c.obj (.text:abort)
                  0000c996    00000006     halGPIO.obj (.text:pot_read)
                  0000c99c    00000006     halGPIO.obj (.text:uart_tx_disable)
                  0000c9a2    00000006     halGPIO.obj (.text:uart_tx_enable)
                  0000c9a8    00000004     rts430_eabi.lib : pre_init.c.obj (.text:_system_pre_init)
                  0000c9ac    00000002                     : startup.c.obj (.text:_system_post_cinit)

.const     0    0000c9ae    0000014a     
                  0000c9ae    00000101     rts430_eabi.lib : ctype.c.obj (.const:.string:_ctypes_)
                  0000caaf    00000001     --HOLE-- [fill = 0]
                  0000cab0    0000002a     api.obj (.const:.string)
                  0000cada    00000010     halGPIO.obj (.const:.string:quote)
                  0000caea    0000000e     halGPIO.obj (.const:buzz_freq)

.cinit     0    0000caf8    00000018     
                  0000caf8    00000006     (.cinit..data.load) [load image]
                  0000cafe    00000006     (__TI_handler_table)
                  0000cb04    00000004     (.cinit..bss.load) [load image, compression = zero_init]
                  0000cb08    00000008     (__TI_cinit_table)

.binit     0    0000c000    00000000     

.init_array 
*          0    0000c000    00000000     UNINITIALIZED

TRAPINT    0    0000ffe0    00000002     
                  0000ffe0    00000002     rts430_eabi.lib : int00.asm.obj (.int00)

PORT1      0    0000ffe4    00000002     
                  0000ffe4    00000002     halGPIO.obj (.int02)

PORT2      0    0000ffe6    00000002     
                  0000ffe6    00000002     rts430_eabi.lib : int03.asm.obj (.int03)

ADC10      0    0000ffea    00000002     
                  0000ffea    00000002     halGPIO.obj (.int05)

USCIAB0TX 
*          0    0000ffec    00000002     
                  0000ffec    00000002     halGPIO.obj (.int06)

USCIAB0RX 
*          0    0000ffee    00000002     
                  0000ffee    00000002     halGPIO.obj (.int07)

TIMER0_A1 
*          0    0000fff0    00000002     
                  0000fff0    00000002     halGPIO.obj (.int08)

TIMER0_A0 
*          0    0000fff2    00000002     
                  0000fff2    00000002     rts430_eabi.lib : int09.asm.obj (.int09)

WDT        0    0000fff4    00000002     
                  0000fff4    00000002     rts430_eabi.lib : int10.asm.obj (.int10)

COMPARATORA 
*          0    0000fff6    00000002     
                  0000fff6    00000002     rts430_eabi.lib : int11.asm.obj (.int11)

TIMER1_A1 
*          0    0000fff8    00000002     
                  0000fff8    00000002     rts430_eabi.lib : int12.asm.obj (.int12)

TIMER1_A0 
*          0    0000fffa    00000002     
                  0000fffa    00000002     rts430_eabi.lib : int13.asm.obj (.int13)

NMI        0    0000fffc    00000002     
                  0000fffc    00000002     rts430_eabi.lib : int14.asm.obj (.int14)

.reset     0    0000fffe    00000002     
                  0000fffe    00000002     rts430_eabi.lib : boot.c.obj (.reset)

$fill000   0    0000ffde    00000002     
                  0000ffde    00000002     --HOLE-- [fill = ffff]

MODULE SUMMARY

       Module                       code   ro data   rw data
       ------                       ----   -------   -------
    .\source\
       halGPIO.obj                  1226   40        10     
       api.obj                      350    42        12     
       bsp.obj                      176    0         0      
       main.obj                     128    0         4      
    +--+----------------------------+------+---------+---------+
       Total:                       1880   82        26     
                                                            
    C:\ti\ccs1281\ccs\tools\compiler\ti-cgt-msp430_21.6.1.LTS\lib\rts430_eabi.lib
       ctype.c.obj                  0      257       0      
       copy_decompress_lzss.c.obj   124    0         0      
       atoi.c.obj                   82     0         0      
       lsr16.asm.obj                76     0         0      
       autoinit.c.obj               66     0         0      
       div16s.asm.obj               44     0         0      
       lsl16.asm.obj                44     0         0      
       boot.c.obj                   28     2         0      
       div16u.asm.obj               22     0         0      
       copy_zero_init.c.obj         20     0         0      
       mult16.asm.obj               20     0         0      
       copy_decompress_none.c.obj   18     0         0      
       memcpy.c.obj                 18     0         0      
       epilog.asm.obj               16     0         0      
       isr_trap.asm.obj             8      0         0      
       exit.c.obj                   6      0         0      
       pre_init.c.obj               4      0         0      
       int00.asm.obj                0      2         0      
       int03.asm.obj                0      2         0      
       int09.asm.obj                0      2         0      
       int10.asm.obj                0      2         0      
       int11.asm.obj                0      2         0      
       int12.asm.obj                0      2         0      
       int13.asm.obj                0      2         0      
       int14.asm.obj                0      2         0      
       startup.c.obj                2      0         0      
    +--+----------------------------+------+---------+---------+
       Total:                       598    275       0      
                                                            
       Stack:                       0      0         80     
       Linker Generated:            0      24        0      
    +--+----------------------------+------+---------+---------+
       Grand Total:                 2478   381       106    


LINKER GENERATED COPY TABLES

__TI_cinit_table @ 0000cb08 records: 2, size/record: 4, table size: 8
	.data: load addr=0000caf8, load size=00000006 bytes, run addr=00000218, run size=00000002 bytes, compression=copy
	.bss: load addr=0000cb04, load size=00000004 bytes, run addr=00000200, run size=00000018 bytes, compression=zero_init


LINKER GENERATED HANDLER TABLE

__TI_handler_table @ 0000cafe records: 3, size/record: 2, table size: 6
	index: 0, handler: __TI_zero_init
	index: 1, handler: __TI_decompress_lzss
	index: 2, handler: __TI_decompress_none


GLOBAL SYMBOLS: SORTED ALPHABETICALLY BY Name 

address   name                          
-------   ----                          
0000004a  ADC10AE0                      
000001b0  ADC10CTL0                     
000001b2  ADC10CTL1                     
00000048  ADC10DTC0                     
00000049  ADC10DTC1                     
000001b4  ADC10MEM                      
000001bc  ADC10SA                       
0000c978  ADC_handler                   
00000057  BCSCTL1                       
00000058  BCSCTL2                       
00000053  BCSCTL3                       
0000c990  C$$EXIT                       
00000059  CACTL1                        
0000005a  CACTL2                        
000010fb  CALBC1_12MHZ                  
000010f9  CALBC1_16MHZ                  
000010ff  CALBC1_1MHZ                   
000010fd  CALBC1_8MHZ                   
000010fa  CALDCO_12MHZ                  
000010f8  CALDCO_16MHZ                  
000010fe  CALDCO_1MHZ                   
000010fc  CALDCO_8MHZ                   
0000005b  CAPD                          
00000056  DCOCTL                        
0000c89c  DelayMs                       
0000c96c  DelayUs                       
00000128  FCTL1                         
0000012a  FCTL2                         
0000012c  FCTL3                         
00000000  IE1                           
00000001  IE2                           
00000002  IFG1                          
00000003  IFG2                          
00000206  Nadc                          
00000022  P1DIR                         
00000025  P1IE                          
00000024  P1IES                         
00000023  P1IFG                         
00000020  P1IN                          
00000021  P1OUT                         
00000027  P1REN                         
00000026  P1SEL                         
00000041  P1SEL2                        
0000002a  P2DIR                         
0000002d  P2IE                          
0000002c  P2IES                         
0000002b  P2IFG                         
00000028  P2IN                          
00000029  P2OUT                         
0000002f  P2REN                         
0000002e  P2SEL                         
00000042  P2SEL2                        
0000001a  P3DIR                         
00000018  P3IN                          
00000019  P3OUT                         
00000010  P3REN                         
0000001b  P3SEL                         
00000043  P3SEL2                        
00000208  PB1_pressed                   
0000c3f6  PBs_handler                   
00000172  TA0CCR0                       
00000174  TA0CCR1                       
00000176  TA0CCR2                       
00000162  TA0CCTL0                      
00000164  TA0CCTL1                      
00000166  TA0CCTL2                      
00000160  TA0CTL                        
0000012e  TA0IV                         
00000170  TA0R                          
00000192  TA1CCR0                       
00000194  TA1CCR1                       
00000196  TA1CCR2                       
00000182  TA1CCTL0                      
00000184  TA1CCTL1                      
00000186  TA1CCTL2                      
00000180  TA1CTL                        
0000011e  TA1IV                         
00000190  TA1R                          
000010db  TLV_ADC10_1_LEN               
000010da  TLV_ADC10_1_TAG               
000010c0  TLV_CHECKSUM                  
000010f7  TLV_DCO_30_LEN                
000010f6  TLV_DCO_30_TAG                
0000005d  UCA0ABCTL                     
00000062  UCA0BR0                       
00000063  UCA0BR1                       
00000060  UCA0CTL0                      
00000061  UCA0CTL1                      
0000005f  UCA0IRRCTL                    
0000005e  UCA0IRTCTL                    
00000064  UCA0MCTL                      
00000066  UCA0RXBUF                     
00000065  UCA0STAT                      
00000067  UCA0TXBUF                     
0000006a  UCB0BR0                       
0000006b  UCB0BR1                       
00000068  UCB0CTL0                      
00000069  UCB0CTL1                      
0000006c  UCB0I2CIE                     
00000118  UCB0I2COA                     
0000011a  UCB0I2CSA                     
0000006e  UCB0RXBUF                     
0000006d  UCB0STAT                      
0000006f  UCB0TXBUF                     
0000c000  USCI0RX_ISR                   
0000c5ce  USCI0TX_ISR                   
00000120  WDTCTL                        
0000020a  X                             
0000c584  __GPIO_config                 
00000400  __STACK_END                   
00000050  __STACK_SIZE                  
0000cb08  __TI_CINIT_Base               
0000cb10  __TI_CINIT_Limit              
0000cb10  __TI_CINIT_Warm               
0000cafe  __TI_Handler_Table_Base       
0000cb04  __TI_Handler_Table_Limit      
0000c980  __TI_ISR_TRAP                 
0000c610  __TI_auto_init_nobinit_nopinit
0000c2ac  __TI_decompress_lzss          
0000c8ec  __TI_decompress_none          
0000ffe0  __TI_int00                    
0000ffe4  __TI_int02                    
0000ffe6  __TI_int03                    
0000ffea  __TI_int05                    
0000ffec  __TI_int06                    
0000ffee  __TI_int07                    
0000fff0  __TI_int08                    
0000fff2  __TI_int09                    
0000fff4  __TI_int10                    
0000fff6  __TI_int11                    
0000fff8  __TI_int12                    
0000fffa  __TI_int13                    
0000fffc  __TI_int14                    
ffffffff  __TI_pprof_out_hndl           
ffffffff  __TI_prof_data_size           
ffffffff  __TI_prof_data_start          
0000c8c4  __TI_zero_init_nomemset       
0000c6fe  __UART_config                 
0000c870  __adc_config                  
ffffffff  __c_args__                    
0000c758  __mspabi_divi                 
0000c886  __mspabi_divu                 
0000c92e  __mspabi_func_epilog_1        
0000c92c  __mspabi_func_epilog_2        
0000c92a  __mspabi_func_epilog_3        
0000c928  __mspabi_func_epilog_4        
0000c926  __mspabi_func_epilog_5        
0000c924  __mspabi_func_epilog_6        
0000c922  __mspabi_func_epilog_7        
0000c8d8  __mspabi_mpyi                 
0000c8d8  __mspabi_mpyi_sw              
0000c758  __mspabi_remi                 
0000c886  __mspabi_remu                 
0000c784  __mspabi_slli                 
0000c7ac  __mspabi_slli_1               
0000c79a  __mspabi_slli_10              
0000c798  __mspabi_slli_11              
0000c796  __mspabi_slli_12              
0000c794  __mspabi_slli_13              
0000c792  __mspabi_slli_14              
0000c790  __mspabi_slli_15              
0000c7aa  __mspabi_slli_2               
0000c7a8  __mspabi_slli_3               
0000c7a6  __mspabi_slli_4               
0000c7a4  __mspabi_slli_5               
0000c7a2  __mspabi_slli_6               
0000c7a0  __mspabi_slli_7               
0000c79e  __mspabi_slli_8               
0000c79c  __mspabi_slli_9               
0000c538  __mspabi_srli                 
0000c57e  __mspabi_srli_1               
0000c55a  __mspabi_srli_10              
0000c556  __mspabi_srli_11              
0000c552  __mspabi_srli_12              
0000c54e  __mspabi_srli_13              
0000c54a  __mspabi_srli_14              
0000c546  __mspabi_srli_15              
0000c57a  __mspabi_srli_2               
0000c576  __mspabi_srli_3               
0000c572  __mspabi_srli_4               
0000c56e  __mspabi_srli_5               
0000c56a  __mspabi_srli_6               
0000c566  __mspabi_srli_7               
0000c562  __mspabi_srli_8               
0000c55e  __mspabi_srli_9               
0000c8b0  __timerA0_config              
0000c942  __timerA1_config              
0000c83a  _c_int00_noargs               
0000c9ae  _ctypes_                      
0000fffe  _reset_vector                 
000003b0  _stack                        
0000c9ac  _system_post_cinit            
0000c9a8  _system_pre_init              
0000c990  abort                         
0000c950  adc_start_conversion          
0000c988  adc_stop_conversion           
0000c448  atoi                          
0000caea  buzz_freq                     
0000020c  buzz_idx                      
0000020e  count                         
0000c72c  count_on_LCD                  
00000210  delay_ifg                     
0000c328  disp_pot_val                  
0000c6ca  enterLPM                      
00000212  j                             
0000c692  lcd_cmd                       
0000c49a  lcd_data                      
0000c0e0  lcd_init                      
0000c8fe  lcd_puts                      
0000c95e  lcd_strobe                    
00000214  lpm_mode                      
0000c22c  main                          
0000c910  memcpy                        
0000c652  my_negev                      
0000c996  pot_read                      
0000c1a2  print_num                     
0000cada  quote                         
0000c7b0  set_timer_value               
0000c81a  start_buzzing                 
00000216  state                         
0000c856  system_config                 
0000c39c  timerA0_handler               
0000c7d6  timer_disable                 
0000c7f8  timer_enable                  
0000c99c  uart_tx_disable               
0000c9a2  uart_tx_enable                
00000200  x_string                      
0000c4ea  x_to_int                      
0000c932  zero_all                      


GLOBAL SYMBOLS: SORTED BY Symbol Address 

address   name                          
-------   ----                          
00000000  IE1                           
00000001  IE2                           
00000002  IFG1                          
00000003  IFG2                          
00000010  P3REN                         
00000018  P3IN                          
00000019  P3OUT                         
0000001a  P3DIR                         
0000001b  P3SEL                         
00000020  P1IN                          
00000021  P1OUT                         
00000022  P1DIR                         
00000023  P1IFG                         
00000024  P1IES                         
00000025  P1IE                          
00000026  P1SEL                         
00000027  P1REN                         
00000028  P2IN                          
00000029  P2OUT                         
0000002a  P2DIR                         
0000002b  P2IFG                         
0000002c  P2IES                         
0000002d  P2IE                          
0000002e  P2SEL                         
0000002f  P2REN                         
00000041  P1SEL2                        
00000042  P2SEL2                        
00000043  P3SEL2                        
00000048  ADC10DTC0                     
00000049  ADC10DTC1                     
0000004a  ADC10AE0                      
00000050  __STACK_SIZE                  
00000053  BCSCTL3                       
00000056  DCOCTL                        
00000057  BCSCTL1                       
00000058  BCSCTL2                       
00000059  CACTL1                        
0000005a  CACTL2                        
0000005b  CAPD                          
0000005d  UCA0ABCTL                     
0000005e  UCA0IRTCTL                    
0000005f  UCA0IRRCTL                    
00000060  UCA0CTL0                      
00000061  UCA0CTL1                      
00000062  UCA0BR0                       
00000063  UCA0BR1                       
00000064  UCA0MCTL                      
00000065  UCA0STAT                      
00000066  UCA0RXBUF                     
00000067  UCA0TXBUF                     
00000068  UCB0CTL0                      
00000069  UCB0CTL1                      
0000006a  UCB0BR0                       
0000006b  UCB0BR1                       
0000006c  UCB0I2CIE                     
0000006d  UCB0STAT                      
0000006e  UCB0RXBUF                     
0000006f  UCB0TXBUF                     
00000118  UCB0I2COA                     
0000011a  UCB0I2CSA                     
0000011e  TA1IV                         
00000120  WDTCTL                        
00000128  FCTL1                         
0000012a  FCTL2                         
0000012c  FCTL3                         
0000012e  TA0IV                         
00000160  TA0CTL                        
00000162  TA0CCTL0                      
00000164  TA0CCTL1                      
00000166  TA0CCTL2                      
00000170  TA0R                          
00000172  TA0CCR0                       
00000174  TA0CCR1                       
00000176  TA0CCR2                       
00000180  TA1CTL                        
00000182  TA1CCTL0                      
00000184  TA1CCTL1                      
00000186  TA1CCTL2                      
00000190  TA1R                          
00000192  TA1CCR0                       
00000194  TA1CCR1                       
00000196  TA1CCR2                       
000001b0  ADC10CTL0                     
000001b2  ADC10CTL1                     
000001b4  ADC10MEM                      
000001bc  ADC10SA                       
00000200  x_string                      
00000206  Nadc                          
00000208  PB1_pressed                   
0000020a  X                             
0000020c  buzz_idx                      
0000020e  count                         
00000210  delay_ifg                     
00000212  j                             
00000214  lpm_mode                      
00000216  state                         
000003b0  _stack                        
00000400  __STACK_END                   
000010c0  TLV_CHECKSUM                  
000010da  TLV_ADC10_1_TAG               
000010db  TLV_ADC10_1_LEN               
000010f6  TLV_DCO_30_TAG                
000010f7  TLV_DCO_30_LEN                
000010f8  CALDCO_16MHZ                  
000010f9  CALBC1_16MHZ                  
000010fa  CALDCO_12MHZ                  
000010fb  CALBC1_12MHZ                  
000010fc  CALDCO_8MHZ                   
000010fd  CALBC1_8MHZ                   
000010fe  CALDCO_1MHZ                   
000010ff  CALBC1_1MHZ                   
0000c000  USCI0RX_ISR                   
0000c0e0  lcd_init                      
0000c1a2  print_num                     
0000c22c  main                          
0000c2ac  __TI_decompress_lzss          
0000c328  disp_pot_val                  
0000c39c  timerA0_handler               
0000c3f6  PBs_handler                   
0000c448  atoi                          
0000c49a  lcd_data                      
0000c4ea  x_to_int                      
0000c538  __mspabi_srli                 
0000c546  __mspabi_srli_15              
0000c54a  __mspabi_srli_14              
0000c54e  __mspabi_srli_13              
0000c552  __mspabi_srli_12              
0000c556  __mspabi_srli_11              
0000c55a  __mspabi_srli_10              
0000c55e  __mspabi_srli_9               
0000c562  __mspabi_srli_8               
0000c566  __mspabi_srli_7               
0000c56a  __mspabi_srli_6               
0000c56e  __mspabi_srli_5               
0000c572  __mspabi_srli_4               
0000c576  __mspabi_srli_3               
0000c57a  __mspabi_srli_2               
0000c57e  __mspabi_srli_1               
0000c584  __GPIO_config                 
0000c5ce  USCI0TX_ISR                   
0000c610  __TI_auto_init_nobinit_nopinit
0000c652  my_negev                      
0000c692  lcd_cmd                       
0000c6ca  enterLPM                      
0000c6fe  __UART_config                 
0000c72c  count_on_LCD                  
0000c758  __mspabi_divi                 
0000c758  __mspabi_remi                 
0000c784  __mspabi_slli                 
0000c790  __mspabi_slli_15              
0000c792  __mspabi_slli_14              
0000c794  __mspabi_slli_13              
0000c796  __mspabi_slli_12              
0000c798  __mspabi_slli_11              
0000c79a  __mspabi_slli_10              
0000c79c  __mspabi_slli_9               
0000c79e  __mspabi_slli_8               
0000c7a0  __mspabi_slli_7               
0000c7a2  __mspabi_slli_6               
0000c7a4  __mspabi_slli_5               
0000c7a6  __mspabi_slli_4               
0000c7a8  __mspabi_slli_3               
0000c7aa  __mspabi_slli_2               
0000c7ac  __mspabi_slli_1               
0000c7b0  set_timer_value               
0000c7d6  timer_disable                 
0000c7f8  timer_enable                  
0000c81a  start_buzzing                 
0000c83a  _c_int00_noargs               
0000c856  system_config                 
0000c870  __adc_config                  
0000c886  __mspabi_divu                 
0000c886  __mspabi_remu                 
0000c89c  DelayMs                       
0000c8b0  __timerA0_config              
0000c8c4  __TI_zero_init_nomemset       
0000c8d8  __mspabi_mpyi                 
0000c8d8  __mspabi_mpyi_sw              
0000c8ec  __TI_decompress_none          
0000c8fe  lcd_puts                      
0000c910  memcpy                        
0000c922  __mspabi_func_epilog_7        
0000c924  __mspabi_func_epilog_6        
0000c926  __mspabi_func_epilog_5        
0000c928  __mspabi_func_epilog_4        
0000c92a  __mspabi_func_epilog_3        
0000c92c  __mspabi_func_epilog_2        
0000c92e  __mspabi_func_epilog_1        
0000c932  zero_all                      
0000c942  __timerA1_config              
0000c950  adc_start_conversion          
0000c95e  lcd_strobe                    
0000c96c  DelayUs                       
0000c978  ADC_handler                   
0000c980  __TI_ISR_TRAP                 
0000c988  adc_stop_conversion           
0000c990  C$$EXIT                       
0000c990  abort                         
0000c996  pot_read                      
0000c99c  uart_tx_disable               
0000c9a2  uart_tx_enable                
0000c9a8  _system_pre_init              
0000c9ac  _system_post_cinit            
0000c9ae  _ctypes_                      
0000cada  quote                         
0000caea  buzz_freq                     
0000cafe  __TI_Handler_Table_Base       
0000cb04  __TI_Handler_Table_Limit      
0000cb08  __TI_CINIT_Base               
0000cb10  __TI_CINIT_Limit              
0000cb10  __TI_CINIT_Warm               
0000ffe0  __TI_int00                    
0000ffe4  __TI_int02                    
0000ffe6  __TI_int03                    
0000ffea  __TI_int05                    
0000ffec  __TI_int06                    
0000ffee  __TI_int07                    
0000fff0  __TI_int08                    
0000fff2  __TI_int09                    
0000fff4  __TI_int10                    
0000fff6  __TI_int11                    
0000fff8  __TI_int12                    
0000fffa  __TI_int13                    
0000fffc  __TI_int14                    
0000fffe  _reset_vector                 
ffffffff  __TI_pprof_out_hndl           
ffffffff  __TI_prof_data_size           
ffffffff  __TI_prof_data_start          
ffffffff  __c_args__                    

[229 symbols]
